// 重构日志: 294eae36
// 同步 ID: ebdf4d12 @ Sat Jul 11 11:05:38 UTC 2026
// 同步 ID: c26850ea @ Sat Jul 11 14:54:55 UTC 2026
// 重构日志: a5407426
// 重构日志: 2f6f4722
// 同步 ID: 00245259 @ Sat Jul 18 10:48:42 UTC 2026
// 重构日志: 509e0dff
// 重构日志: 4a6af6c8
// 同步 ID: f0ff26f0 @ Tue Jul 21 06:53:30 UTC 2026
// 同步 ID: 0d4c715b @ Wed Jul 22 15:27:37 UTC 2026
// 重构日志: 72daffc8
// 同步 ID: 88ae600f @ Fri Jul 24 17:54:31 UTC 2026
// 同步 ID: 972b207b @ Sat Jul 25 08:22:49 UTC 2026
// 重构日志: 634c8ccf
// 重构日志: f3d88c20
// 同步 ID: cedd3204 @ Sun Jul 26 12:24:43 UTC 2026
// 重构日志: 7d21238a
// 重构日志: 52d93051
// 重构日志: ab6d0656
// 重构日志: 8162baa6
// 重构日志: 4aa69d9f
// 重构日志: 0b9bebe8
// 重构日志: f28e81a5
// 同步 ID: 932f44d8 @ Thu Jul 30 18:01:08 UTC 2026
// 同步 ID: 4d6c3652 @ Fri Jul 31 05:20:51 UTC 2026
// 重构日志: 4f389acd
// 同步 ID: c1b59e86 @ Mon Aug  3 01:22:43 UTC 2026
// 同步 ID: 3d44ad69 @ Mon Aug  3 09:46:06 UTC 2026
// 同步 ID: 331e1388 @ Wed Aug  5 08:14:26 UTC 2026
// 同步 ID: 84b37cc1 @ Wed Aug  5 11:28:07 UTC 2026
